Warning: Unknown toolsets: messaging
Query: Read /Users/khushaljagota/.hermes/planning-v2/skills/planning-worker.md, 
then work planning ticket t_cf8z7aq0. Act only through the plan CLI; do not run 
./verify, do not modify or delete any repository files.
Initializing agent...
────────────────────────────────────────


┌─ Reasoning ──────────────────────────────────────────────────────────────────┐
**Evaluating CLI needs**

I think I might need to use the todo tool for some planning, but I shouldn’t modify
 any repository files. I need to inspect the command line interface (CLI) and read
 files like planning-worker.md or pyproject. Running plan commands through the terminal
 is important, but I can’t interact with databases or files directly. It seems I should
 load the skill and use `read_file.` I also need to get the ticket from the planned
 CLI to proceed effectively.**Clarifying project tools**

Okay, this isn’t about the /.hermes/planning live but specifically about planning
-v2. I’m not sure if I should be looking into software delivery since we're coding
, but I know I shouldn’t modify any code directly. There’s mention of the "kanban
-worker," which seems relevant to the Hermes Kanban system, but maybe it’s not applicable
 here. I think I need to focus on using the appropriate tools instead.
└──────────────────────────────────────────────────────────────────────────────┘
  ┊ 📖 read      /Users/khushaljagota/.hermes/planning-v2/skills/planning-worker.md  0.1s
  ┊ 💻 $         plan --help  0.0s [exit 127]

┌─ Reasoning ──────────────────────────────────────────────────────────────────┐
**Recapping and closing tasks**

I need to recap and finalize things, but I’m wondering if I should keep the ticket
 in the “in progress” state with the proposal parked for now. Should I make a note
 of the outcome? It might not be necessary after all. I’ll write the recap, then proceed
 to close the ticket. It feels like I need a solid plan to make sure I cover everything
 effectively. Alright, let's get started!
└──────────────────────────────────────────────────────────────────────────────┘

┌─ Reasoning ──────────────────────────────────────────────────────────────────┐
**Verifying ticket show**

I need to check the ticket show, so I think verifying it via the plan CLI could be
 a good approach. It seems I can close the process once it's done. However, I need
 to make sure to finalize it concisely and include that there's no verification needed
. I might want to run a show command to confirm the results. So, I’ll be using the
 terminal to check that show.
└──────────────────────────────────────────────────────────────────────────────┘

╭─ ⚕ Hermes ───────────────────────────────────────────────────────────────────╮
    Done.
    
    Ticket t_cf8z7aq0 now has a result proposal parked at the in_progress ceiling, recap updated, and the run closed done.
    
    I only used the plan CLI for ticket actions. No repository files modified or deleted. ./verify not run.
╰──────────────────────────────────────────────────────────────────────────────╯

Resume this session with:
  hermes --resume 20260705_160752_4cd053

Session:        20260705_160752_4cd053
Duration:       54s
Messages:       19 (1 user, 17 tool calls)
