Warning: Unknown toolsets: messaging
Query: Read /Users/khushaljagota/.hermes/planning-v2/skills/planning-worker.md, 
then work planning ticket t_cf8z7aq0. Act only through the plan CLI; do not run 
./verify, do not modify or delete any repository files.
Initializing agent...
────────────────────────────────────────


┌─ Reasoning ──────────────────────────────────────────────────────────────────┐
**Understanding file reading process**

I need to respond by performing actions, specifically reading a file. The user mentions
 "planning-worker.md," which is related to a task planning ticket for software development
. I need to gather context without modifying any repository files, focusing on planning
 commands. It seems okay to read the file using the read_file tool. The instruction
 is "act only through plan CLI," so I'll ensure I stick to that and clarify any necessary
 steps. Reading the file is essential to proceed.
└──────────────────────────────────────────────────────────────────────────────┘
  ┊ 📖 read      /Users/khushaljagota/.hermes/planning-v2/skills/planning-worker.md  0.1s
  ┊ 💻 $         PLAN_TICKET_ID=t_cf8z7aq0 plan ticket show --json  0.0s [exit 127]

┌─ Reasoning ──────────────────────────────────────────────────────────────────┐
**Determining plan executable**

I need to figure out if I should use .venv/bin/plan or run python -m planner. I think
 I might have to check if the plan CLI is in my PATH or if I need to locate the executable
 first. It sounds like I should search through the files to find the target, but I'm
 not entirely sure if I'm taking the right approach to action with the plan right
 now. Let's see!
└──────────────────────────────────────────────────────────────────────────────┘
  ┊ 🔎 find      plan  0.1s
  ┊ 📖 read      /Users/khushaljagota/.hermes/planning-v2/pyproject.toml  0.1s

┌─ Reasoning ──────────────────────────────────────────────────────────────────┐
**Checking file existence**

I need to ensure that I’m utilizing the correct file path: .venv/bin/plan. First,
 I should check if this file exists, which I could do with a terminal test. It's a
 simple task, but it's important to verify it to avoid any issues further along. Just
 gotta remember to follow the right steps here so I can move forward smoothly! Let's
 check that file existence and see what happens next.
└──────────────────────────────────────────────────────────────────────────────┘
  ┊ 💻 $         test -x .venv/bin/plan && echo ok || echo missing  0.0s

┌─ Reasoning ──────────────────────────────────────────────────────────────────┐
**Evaluating project semantics**

I'm in progress with this task. The title asks for drafting success criteria, which
 feels a bit strange since the project planning system has a "success" field that
 should include this information. So, if the ticket requests a draft of the success
 criteria, does that imply I'm outputting what's in that success field? I think I
 need to check the ticket details. The `plan ticket show` command only gives me the
 title, so I might need to look at the whole project or sprint and use the plan help
 to see available commands.
└──────────────────────────────────────────────────────────────────────────────┘

┌─ Reasoning ──────────────────────────────────────────────────────────────────┐
**Investigating environment claims**

I need to use the claim environment for writes, but I'm unsure about the run ID or
 the claim itself. It seems like the process is running, but did the spawn pass the
 environment variables? Our terminal might not show them. I should inspect the environment
 but avoid printing claims. Maybe I can test if PLAN_RUN_ID and other variables are
 set using shell commands, while keeping any secrets secure. Let's figure this out
!
└──────────────────────────────────────────────────────────────────────────────┘

┌─ Reasoning ──────────────────────────────────────────────────────────────────┐
**Checking command execution**

Okay, it looks like we invoked a terminal command with an explicit PLAN_TICKET_ID
, but I inherited other parts. I need to make sure I'm using the correct path to the
 plan, which is .venv/bin/plan. Also, I’ll need to implement a heartbeat to ensure
 everything is functioning properly. Let’s move forward with that to keep things running
 smoothly!
└──────────────────────────────────────────────────────────────────────────────┘

┌─ Reasoning ──────────────────────────────────────────────────────────────────┐
**Planning onboarding criteria**

I need to propose a success approach for drafting the onboarding email. It seems like
 I should utilize the ticket title and context to guide me. I want to create solid
 success criteria focused on the onboarding email itself. The plan needs to define
 the audience and create a checklist, while ensuring the criteria measure clarity
 and effectiveness. Eventually, I’ll need to finalize this after reaching in-progress
 but remember to propose it as a draft before closing.**Drafting onboarding email criteria**

I'm working on drafting the success criteria for the onboarding email as part of a
 work ticket. Since the ceiling is in progress, it looks like I can only plan and
 not execute, which means someone else might handle the final result. I should recap
 my proposals, approach, and plan at each step. There's no need to modify the repository
 files, and I’ll ensure to verify each command syntax along the way using the help
 option.
└──────────────────────────────────────────────────────────────────────────────┘

┌─ Reasoning ──────────────────────────────────────────────────────────────────┐
**Proposing a plan**

I should think about how to lay out a clear action plan. It’s important to outline
 steps that are both actionable and realistic. Maybe I need to consider the resources
 required and any potential obstacles. I'll want to break down the plan into manageable
 tasks to ensure it's easy to follow. This way, I can help the user feel confident
 in the approach. I'm excited to map this out!
└──────────────────────────────────────────────────────────────────────────────┘

┌─ Reasoning ──────────────────────────────────────────────────────────────────┐
**Verifying final details**

I think I need to verify something before finalizing. It mentions a verification step
 that should be taken first. But since the run is closed, I'm not sure I can claim
 to read it. Should I use the plan ticket to show the details? I guess I have to see
 if it's readable. I want to make sure everything is correct before proceeding!
└──────────────────────────────────────────────────────────────────────────────┘

┌─ Reasoning ──────────────────────────────────────────────────────────────────┐
**Finalizing concise response**

I need to ensure my response is both final and concise. I shouldn’t mention the verification
 process or modified repo files since that’s not relevant. It seems like I used python
/env, but I don’t really need to specify that either. The user didn't ask for the
 full output, but it might be in the project docs that I confirm the full output.
 Still, the user wants it delivered without that verification step.
└──────────────────────────────────────────────────────────────────────────────┘

╭─ ⚕ Hermes ───────────────────────────────────────────────────────────────────╮
    Done. Ticket t_cf8z7aq0 is now in_progress at its ceiling.
    
    Accepted via plan CLI:
    - success
    - approach
    - plan
    - recap updated
    - run closed as done
    
    I did not run ./verify and did not modify/delete repository files.
╰──────────────────────────────────────────────────────────────────────────────╯
