Warning: Unknown toolsets: messaging
Query: Read /Users/khushaljagota/.hermes/planning-v2/skills/planning-worker.md, 
then work planning ticket t_nb3m0ta8. Act only through the plan CLI; do not run 
./verify, do not modify or delete any repository files.
Initializing agent...
────────────────────────────────────────


┌─ Reasoning ──────────────────────────────────────────────────────────────────┐
**Gathering context for planning**

I'm figuring out what I need to do. It seems the user wanted me to refer to a specific
 workflow defined in a file, but I don't want to rely on generic skills. The developer
 suggests scanning skills before I respond. I'm wondering if "planning-viewer" connects
 to planning-v2, but I need to make sure. First, I should read the file and possibly
 check the git repository, but I must remember not to modify it.
└──────────────────────────────────────────────────────────────────────────────┘
  ┊ 📖 read      /Users/khushaljagota/.hermes/planning-v2/skills/planning-worker.md  0.1s
  ┊ 💻 $         PLAN_TICKET_ID=t_nb3m0ta8 plan ticket show --json  0.0s [exit 127]

┌─ Reasoning ──────────────────────────────────────────────────────────────────┐
**Troubleshooting Process Environment**

I'm evaluating the current stage and considering if I need to propose a success plan
. It seems we might need a PLAN_RUN_ID/CLAIM, but I don't have that on hand. The latest
 run appears to be ongoing, and it's unclear if we have environment variables set
. I wonder if the CLI can help me find the latest active process, and I should try
 a heartbeat command, although it might fail without the right environment. Let's
 investigate further!
└──────────────────────────────────────────────────────────────────────────────┘

┌─ Reasoning ──────────────────────────────────────────────────────────────────┐
**Planning the success criteria**

I think I need more context from the parent item. The ticket I'm looking at is loose
 and isn't associated with a specific sprint. The user wants a planning ticket completed
, possibly using demo data, and I have to write a thoughtful success approach and
 plan.

I should consider proposing success via stdin, maybe using a command like `plan propose
 success --body-file -`. I'll include the environment ticket ID, and then I'll show
 that afterwards. I need to ensure I'm not including any long inline text, so hered
ocs will be my friend for clarity. I’ll recap each meaningful unit and focus on drafting
 concise criteria for the onboarding email success.**Drafting success criteria**

I’m thinking about the likely success criteria for the onboarding email. It should
 clearly define the purpose and audience, clarify what the email needs to accomplish
, and include measurable acceptance points, like ensuring the recipient understands
 Vylo and its importance. I also need to consider tone, required links, and any legal
 or support information.

The user mentioned a "work planning ticket," which suggests I should focus on drafting
 the success criteria itself. Since we're at the ceiling of in-progress, I need to
 ensure I fill out the approach and plan as well.**Proposing the result for review**

I’m considering that the result field would be the actual draft, but since we're at
 the in-progress stage, it's clear we shouldn’t execute the task yet. "Ceiling in
-progress" suggests I can go through planning stages, but I can't finalize anything
. The title says "Draft...", yet the ceiling prevents delivering the actual result
. It seems I could propose a result for human review if needed. Following the instructions
, I need to make that proposal.
└──────────────────────────────────────────────────────────────────────────────┘

┌─ Reasoning ──────────────────────────────────────────────────────────────────┐
**Considering the approach**

I think I need to show the state of my approach first, then propose how to move forward
. It might be effective to batch things together. Maybe I should take a sequential
 approach since I need to consider the state. I'm not sure if showing is necessary
, but it could be good to verify after each write using a command-line interface.
 I want to make sure everything's clear and effective!
└──────────────────────────────────────────────────────────────────────────────┘

┌─ Reasoning ──────────────────────────────────────────────────────────────────┐
**Proposing a plan**

I need to come up with a practical plan, focusing on drafting success criteria since
 the result is still in progress. I should include that there might be no file modifications
. Afterward, I can recap and display the current state as in progress before marking
 it as done. However, if I'm closing it at in progress, I need to clarify that the
 outcome means the worker is done, not the ticket. I'll consider if I need a heartbeat
 before the write, depending on timing.
└──────────────────────────────────────────────────────────────────────────────┘

┌─ Reasoning ──────────────────────────────────────────────────────────────────┐
**Considering environment variables**

I’m thinking about environment variables and realizing that the skill says to never
 unset them, but maybe there’s a situation where it’s necessary. I wonder if it would
 be helpful to inspect the help documentation for running claims to get more clarity
. The CLI might provide some insights. I just need to be cautious and make sure I
’m not making things more complicated than they need to be.
└──────────────────────────────────────────────────────────────────────────────┘

╭─ ⚕ Hermes ───────────────────────────────────────────────────────────────────╮
    Ticket t_nb3m0ta8 is now at its ceiling: in_progress.
    
    Accepted fields:
    - success: reviewer-ready criteria for the Vylo onboarding email.
    - approach: define testable review standards, not final copy.
    - plan: identify onboarding moment, write 5–7 criteria, convert each into pass/fail reviewer checks, record assumptions.
    
    I did not run ./verify and did not modify/delete repo files.
    
    One wrinkle, because naturally the machine spirits wanted tribute: plan run close returned “run closed done”, but the final ticket show reports a fresh active run afterward. I left that alone rather than touching a foreign claim.
╰──────────────────────────────────────────────────────────────────────────────╯
