Warning: Unknown toolsets: messaging
Query: Read /Users/khushaljagota/.hermes/planning-v2/skills/planning-worker.md, 
then work planning ticket t_nb3m0ta8. Act only through the plan CLI; do not run 
./verify, do not modify or delete any repository files.
Initializing agent...
────────────────────────────────────────


┌─ Reasoning ──────────────────────────────────────────────────────────────────┐
**Considering git commands**

I'm thinking about the terminal action for "git status." The message "Act only through
 plan CLI" suggests that actions related to the planning ticket should be executed
 through that specific interface. So, "git status" might not be the right approach
. The user mentioned not to run verification or modify files, which makes me feel
 like "act" might imply avoiding file edits. However, perhaps inspecting the status
 is still possible? Let's figure this out!
└──────────────────────────────────────────────────────────────────────────────┘
  ┊ 📖 read      /Users/khushaljagota/.hermes/planning-v2/skills/planning-worker.md  0.1s
  ┊ 💻 $         plan --help  0.0s [exit 127]

┌─ Reasoning ──────────────────────────────────────────────────────────────────┐
**Finalizing the task**

Alright, I've got to wrap this up! I don't think I need to take any notes for this
, so I can just focus on closing things out. Once I do that, I should probably show
 the ticket details too. I’ll use the plan CLI to finalize everything. It's important
 to make sure I'm on the right track before completing this. Let's make sure it all
 gets done smoothly!
└──────────────────────────────────────────────────────────────────────────────┘

╭─ ⚕ Hermes ───────────────────────────────────────────────────────────────────╮
    Done.
    
    Worked ticket t_nb3m0ta8 through the plan CLI only:
    - Read skills/planning-worker.md.
    - Heartbeated the active run.
    - Proposed the result at the in_progress ceiling.
    - Updated the recap.
    - Closed the run as done.
    - Confirmed the ticket now has a pending result proposal.
    
    I did not run ./verify and did not modify or delete repository files.
╰──────────────────────────────────────────────────────────────────────────────╯

Resume this session with:
  hermes --resume 20260705_191053_9eb036

Session:        20260705_191053_9eb036
Duration:       1m 6s
Messages:       19 (1 user, 17 tool calls)
