Warning: Unknown toolsets: messaging
Query: Read /Users/khushaljagota/.hermes/planning-v2/skills/planning-worker.md, 
then work planning ticket t_cr043k8y. Act only through the plan CLI; do not run 
./verify, do not modify or delete any repository files.
Initializing agent...
────────────────────────────────────────


┌─ Reasoning ──────────────────────────────────────────────────────────────────┐
**Considering ticket operations**

I'm thinking that when it comes to ticket operations, I need to use the plan CLI instead
 of searching through SQLite. It's crucial for me to know how the ticketing works
 in plan CLI first, before taking any actions. I wonder if I have all the information
 I need to navigate this effectively, or if I should really read up on the skills
 related to it first to ensure everything goes smoothly.
└──────────────────────────────────────────────────────────────────────────────┘
  ┊ 📖 read      /Users/khushaljagota/.hermes/planning-v2/skills/planning-worker.md  0.1s
  ┊ 💻 $         python -m planner --help  0.0s [exit 127]

┌─ Reasoning ──────────────────────────────────────────────────────────────────┐
**Troubleshooting Plan CLI**

I attempted to use `python -m planner`, but that didn't work. It seems I need to use
 the virtual environment or the Plan CLI as the user suggested. Maybe the environment
 variables for PLAN aren’t set? I should check that with terminal commands, but I
 need to avoid printing values. Also, I could run commands like `plan ticket show
 --json` with a specific ticket ID. I’m feeling a bit lost on the usage and need more
 help on running these commands effectively.**Clarifying Plan CLI Usage**

The user mentioned that I should only act through the Plan CLI, meaning all commands
 need to start with `plan ...`. I don’t need to run Git or verify anything right now
. So, I think my next step should be to run `plan --help` to check the available commands
. I could also try `plan ticket --help` to get more specifics about ticket management
. This should help me understand how to proceed effectively!
└──────────────────────────────────────────────────────────────────────────────┘

┌─ Reasoning ──────────────────────────────────────────────────────────────────┐
**Diagnosing tool issues**

I need to diagnose an issue, and I’m wondering if I can use the search_files tool
 for my plan. However, I see a note about only acting through the plan CLI, which
 complicates things. I think I should search target files related to "plan" and also
 take a look at the pyproject. I'll consider using the read_file function on the py
project to help figure this out. Let's go step by step!
└──────────────────────────────────────────────────────────────────────────────┘
  ┊ 📖 read      /Users/khushaljagota/.hermes/planning-v2/pyproject.toml  0.1s
  ┊ 🔎 find      *plan*  0.1s
  ┊ 💻 $         .venv/bin/plan ticket show t_cr043k8y --json  0.2s

┌─ Reasoning ──────────────────────────────────────────────────────────────────┐
**Proposing an approach**

It seems like I'm considering how to proceed after a successful acceptance. I'm thinking
 that maybe I don’t need to keep showing everything after each step. Instead, I could
 propose the approach and then do a recap. I wonder if it would be better to lay it
 out in sequence without showing every detail each time. So, maybe a more streamlined
 proposal followed by a summary is the way to go!
└──────────────────────────────────────────────────────────────────────────────┘

┌─ Reasoning ──────────────────────────────────────────────────────────────────┐
**Defining success metrics**

I need to establish both primary and secondary metrics. The primary ones might include
 activation clicks, reply rates, and unsubscribe complaints, while also considering
 first-week activation. I wonder if I should account for baseline metrics and a review
 window. It’s important to ensure we're not just cramming every feature in without
 assessing what's effective. I’ll note that we should review before approving anything
 against actual positioning and activation events. Let's propose a plan!
└──────────────────────────────────────────────────────────────────────────────┘

┌─ Reasoning ──────────────────────────────────────────────────────────────────┐
**Summarizing project status**

I need to provide a final concise update. I didn't run the verification step or modify
 any repository files; I just read them. I should mention that I used `.venv/bin/
plan`, which is not on the PATH but seems okay. It could be useful to include the
 final state as well. I think I’ll add that since the user asked, but there's no need
 for a full output unless requested.
└──────────────────────────────────────────────────────────────────────────────┘

╭─ ⚕ Hermes ───────────────────────────────────────────────────────────────────╮
    Done. Ticket t_cr043k8y is worked to its in_progress ceiling.
    
    - Success, approach, and plan were accepted.
    - Result proposal is parked for review with reviewer notes.
    - Run run_eenhta99 closed as done.
    - I did not run ./verify.
    - I did not modify or delete repository files.
╰──────────────────────────────────────────────────────────────────────────────╯
