Warning: Unknown toolsets: messaging
Query: Read /Users/khushaljagota/.hermes/planning-v2/skills/planning-worker.md, 
then work planning ticket t_cj6dp2e3. Act only through the plan CLI; do not run 
./verify, do not modify or delete any repository files.
Initializing agent...
────────────────────────────────────────


┌─ Reasoning ──────────────────────────────────────────────────────────────────┐
**Reading file instructions**

The user asked me to read a file before working on a ticket, mentioning not to modify
 repository files. So, I should focus on reading the specified file first. I wonder
 if the documentation has any specific guidelines related to reading it without making
 changes. Let’s go ahead and read that file now to ensure I’m properly informed before
 proceeding with anything else!
└──────────────────────────────────────────────────────────────────────────────┘
  ┊ 📖 read      /Users/khushaljagota/.hermes/planning-v2/skills/planning-worker.md  0.1s
  ┊ 💻 $         plan ticket show --help  0.0s [exit 127]

┌─ Reasoning ──────────────────────────────────────────────────────────────────┐
**Planning execution steps**

I’m trying to figure out how to act through the plan CLI since it’s not in my PATH
. I think I can use something like `python -m planner` or maybe it’s `python -m planner
 serve` according to the project notes. It looks like I should only use the plan CLI
, which might be located at `.venv/bin/plan`. I’ll check if I can run it directly
 to see the help options instead of inspecting files.
└──────────────────────────────────────────────────────────────────────────────┘

┌─ Reasoning ──────────────────────────────────────────────────────────────────┐
**Considering command usage**

I think I'm realizing that with "act only through plan CLI," I might not be able to
 read repository files unless they're specifically requested. I can definitely use
 the plan CLI for context, but I need to know the commands. It seems like I should
 look into using "plan --help" and check out commands like "plan sprint show/list
" and "tickets list." That could clear things up for me!
└──────────────────────────────────────────────────────────────────────────────┘

┌─ Reasoning ──────────────────────────────────────────────────────────────────┐
**Evaluating heartbeat functionality**

I'm noticing that the heartbeat worked because it seems like the environment has a
 PLAN_RUN_ID. That’s great! I shouldn’t print any secrets, but it looks like the tool
 didn’t provide the output either. I need to gather related context through the plan
 CLI using "ticket list" filters. It feels like I could use some assistance to move
 forward with that.
└──────────────────────────────────────────────────────────────────────────────┘

┌─ Reasoning ──────────────────────────────────────────────────────────────────┐
**Planning project tasks**

I need to create a list for project Vylo and its sprint. To do this, I should use
 the command `plan sprint show --json`, which will give me a structured output. I'll
 also look into ticket lists specifically for project Vylo and then get the item list
. This way, I can keep everything organized and make sure I'm tracking all the necessary
 components for this project sprint effectively!
└──────────────────────────────────────────────────────────────────────────────┘

┌─ Reasoning ──────────────────────────────────────────────────────────────────┐
**Considering JSON parsing**

I think I need to include a --json flag for parsing. It seems like this might be important
 for the commands I’m working with. I want to make sure I’m checking everything thoroughly
 to propose accurate help. Could that be a necessary step for the right output? I'm
 contemplating how to best implement that, so let’s make sure to keep that in confirmation
 during this process!
└──────────────────────────────────────────────────────────────────────────────┘

┌─ Reasoning ──────────────────────────────────────────────────────────────────┐
**Defining acceptance criteria**

I’m approaching this task by treating the ticket as a means to define acceptance criteria
, not to write the final email. I want to anchor my criteria to our onboarding goal
 for Vylo: ensuring new users grasp its importance, know the next steps, and feel
 confident. My plan includes defining the audience, listing the desired email outcome
 and CTA, capturing content acceptance criteria, and setting measurable signals for
 review. It seems I need clarity on when to hand off this task.**Clarifying work planning ticket**

It seems the user might be asking about a "work planning ticket," rather than just
 focusing on the ceiling aspect. The worker documentation indicates that work should
 be completed to the ceiling before closing. If the ticket is at capacity, we could
 propose a result while keeping it in progress, pending a human review. However, if
 it's at the ceiling and we propose a result, it remains pending and does not advance
. I need to keep this in mind.
└──────────────────────────────────────────────────────────────────────────────┘

┌─ Reasoning ──────────────────────────────────────────────────────────────────┐
**Defining onboarding email success**

I’m thinking about the content for a draft onboarding email. The audience should be
 first-time Vylo users who just signed up or accepted an invite. It's crucial they
 feel motivated to proceed with the setup. The main goal here is for them to clearly
 understand the core value that Vylo provides. Also, they should complete the intended
 next action without any confusion and smoothly transition into the product or onboarding
 flow.**Setting email acceptance criteria**

I’m working on acceptance criteria for the onboarding email. It should first address
 the user's situation in a clear sentence before introducing features. I'll include
 one primary call to action (CTA) that presents a specific next step, along with an
 explanation of what happens after clicking to ensure users feel secure. The tone
 needs to be calm and approachable, avoiding overly corporate language. I’ll keep
 the copy skimmable for mobile, making sure it focuses on clarity without overwhelming
 new users.**Organizing email criteria**

I’m focusing on drafting criteria that will allow a writer or reviewer to evaluate
 the email effectively without needing extra context. The main steps involve framing
 the onboarding context and defining the primary success metrics. I’ll list acceptance
 criteria for message content, tone, and skimmability while ensuring to add measurement
 signals and non-goals for clarity. I might propose the results at the in-progress
 cap for further human review, figuring out whether to close before or after the show
.**Checking proposal status**

I need to check the result proposal's status before deciding to close it. After verifying
 the final ticket show, I'll determine if running a status update is necessary. It
 seems like closing might not directly affect the ticket itself, but I want to be
 sure. I’ll also consider running the close output using the terminal once I have
 all the necessary confirmations in place. Let’s ensure everything is tidy before
 wrapping things up!
└──────────────────────────────────────────────────────────────────────────────┘

┌─ Reasoning ──────────────────────────────────────────────────────────────────┐
**Finalizing output proposal**

I need to clarify that I didn't run a verification for modified repo files. It might
 make sense to confirm by using git status, but the user said to act only through
 the plan CLI, so maybe skipping git is best. I already used read_file and plan CLI
 previously. The user probably just wants a straightforward result. So, I'll make
 sure to mention that the plan CLI outputs were successful and that the proposal is
 ready.
└──────────────────────────────────────────────────────────────────────────────┘

╭─ ⚕ Hermes ───────────────────────────────────────────────────────────────────╮
    Done.
    
    Ticket t_cj6dp2e3 is now:
    - state: in_progress
    - success/approach/plan: accepted
    - result: proposed at the in_progress cap for human review
    - run: closed done
    
    I did not run ./verify and did not modify/delete repository files.
╰──────────────────────────────────────────────────────────────────────────────╯

Resume this session with:
  hermes --resume 20260705_220750_15e576

Session:        20260705_220750_15e576
Duration:       2m 11s
Messages:       30 (1 user, 28 tool calls)
