Warning: Unknown toolsets: messaging
Query: Read /Users/khushaljagota/.hermes/planning-v2/skills/planning-worker.md, 
then work planning ticket t_882y9p08. Act only through the plan CLI; do not run 
./verify, do not modify or delete any repository files.
Initializing agent...
────────────────────────────────────────


┌─ Reasoning ──────────────────────────────────────────────────────────────────┐
**Considering software and ticket management**

I should probably look into the planning-worker only since it seems relevant. The
 mandatory skill, "workspace-ticket-shaping," definitely sounds connected to ticket
 management. It might also be useful to consider "software-delivery-workflows," which
 could involve coding. However, the user has restricted any modifications to repo
 files, so it makes sense to focus on loading the workspace-ticket-shaping. Let's
 see how that plays into ticket management!
└──────────────────────────────────────────────────────────────────────────────┘
  ┊ 📚 skill     workspace-ticket-shaping  0.0s
  ┊ 📖 read      /Users/khushaljagota/.hermes/planning-v2/skills/planning-worker.md  0.1s
  ┊ 💻 $         PLAN_TICKET_ID=t_882y9p08 plan ticket show --json  0.0s [exit 127]
  ┊ 📖 read      /Users/khushaljagota/.hermes/planning-v2/pyproject.toml  0.1s
  ┊ 🔎 find      plan  0.1s
  ┊ 💻 $         PLAN_TICKET_ID=t_882y9p08 .venv/bin/plan ticket show --json  0.2s

┌─ Reasoning ──────────────────────────────────────────────────────────────────┐
**Exploring ticket options**

I’m considering using the plan CLI for ticket management, specifically to show tickets
 and perhaps list similar ones. I don’t think I need to ask for help. It would be
 wise to formulate a solid plan for success. I want to explore if I can use just the
 title or if I should list all project tickets. To clarify, I could check the help
 info with `.venv/bin/plan --help`.
└──────────────────────────────────────────────────────────────────────────────┘

┌─ Reasoning ──────────────────────────────────────────────────────────────────┐
**Organizing sprint tickets**

I need to list tickets for the same sprint or project. I’ll use the plan item and
 sprint list for that. Also, I’m wondering about the heartbeat since we might need
 to claim the environment. It seems we didn’t set the PLAN_RUN_ID or CLAIM. Maybe
 it’s inherited? I’ll try running the heartbeat command without revealing the claim
 now. I need to maintain the lease, and perhaps I don’t need an environment set.
└──────────────────────────────────────────────────────────────────────────────┘

┌─ Reasoning ──────────────────────────────────────────────────────────────────┐
**Inspecting commands list**

I need to take a closer look at the sprint list or item. I think this could involve
 reviewing various commands associated with it. It’s important that I understand what
’s expected and how to proceed effectively. I’ll check each command to ensure they
 align with what needs to be accomplished. This should help in navigating the tasks
 more efficiently and ensuring everything is on track!
└──────────────────────────────────────────────────────────────────────────────┘

┌─ Reasoning ──────────────────────────────────────────────────────────────────┐
**Getting project overview**

I need to get the sprint view and ticket list for the project, while also considering
 the current context. It’s essential to have a clear picture of what's happening in
 the project to ensure I’m on the right track. By accessing these tools, I'll be able
 to track tasks effectively and understand the project's progress. Let’s keep that
 focus in mind and make sure I get everything I need!
└──────────────────────────────────────────────────────────────────────────────┘

┌─ Reasoning ──────────────────────────────────────────────────────────────────┐
**Proposing actionable steps**

I shouldn't create criteria in a separate file since I'm not writing files. My goal
 is to draft the criteria, but it seems I might be limited to in-progress tasks. I
 think the "plan" should outline clear steps for drafting those criteria. I need to
 use the plan to propose commands with stdin. Observing JSON is important too, and
 I may need to recap accepted steps after each show. Finally, I want to ensure we
 write out success clearly.
└──────────────────────────────────────────────────────────────────────────────┘

┌─ Reasoning ──────────────────────────────────────────────────────────────────┐
**Formulating a plan**

I need to create a plan that's actionable, without likely citing external sources
. First, I'll pull existing Vylo onboarding and funnel notes. I can only plan in CLI
, which works for me. Next, I’ll draft the criteria sections, focusing on aspects
 like Audience/time, Job, Must include, Must avoid, Review checklist, and Open questions
. I'll avoid using repo files and maybe attach a note. Finally, the plan will likely
 state it's in progress at the ceiling to close.
└──────────────────────────────────────────────────────────────────────────────┘

┌─ Reasoning ──────────────────────────────────────────────────────────────────┐
**Recapping and closing tasks**

I need to recap after a meaningful unit. It feels like we've reached a ceiling, so
 a summary seems essential before we wrap up. I'm wondering if we should use a heartbeat
 approach, but I think a simple closing summary will work just fine. However, maybe
 I should consider if I should mark the task as in progress or finished during this
 wrap-up? I’ll aim for a clear outcome for the run.
└──────────────────────────────────────────────────────────────────────────────┘

┌─ Reasoning ──────────────────────────────────────────────────────────────────┐
**Finalizing output details**

I need to produce a concise final output based on the user's request. The user mentioned
 not to run the verification, so I’ll say the ticket has reached its ceiling and should
 be closed. I should probably clarify that the repository wasn't modified and acknowledge
 the plan for CLI. It might be useful to mention that I read the pyproject. No need
 to disclose the environment details, so I’ll keep it short and straightforward.
└──────────────────────────────────────────────────────────────────────────────┘

╭─ ⚕ Hermes ───────────────────────────────────────────────────────────────────╮
    Done. Ticket t_882y9p08 reached its ceiling:
    
    - success accepted
    - approach accepted
    - plan accepted
    - state is now in_progress
    - run run_ppmwezf0 closed as done
    
    I used the plan CLI for the ticket work, did not run ./verify, and did not modify/delete repository files.
╰──────────────────────────────────────────────────────────────────────────────╯
