Warning: Unknown toolsets: messaging
Query: Read /Users/khushaljagota/.hermes/planning-v2/skills/planning-worker.md, 
then work planning ticket t_882y9p08. Act only through the plan CLI; do not run 
./verify, do not modify or delete any repository files.
Initializing agent...
────────────────────────────────────────


┌─ Reasoning ──────────────────────────────────────────────────────────────────┐
**Exploring CLI capabilities**

I'm thinking about using the Command Line Interface (CLI) for planning a ticket. I
 really need to find out what the CLI can do for this task, so I'll need to read up
 on its capabilities. It feels like a good way to streamline the process, but I want
 to ensure I fully understand the skills involved. I should gather documentation and
 see what tools are available!
└──────────────────────────────────────────────────────────────────────────────┘
  ┊ 📖 read      /Users/khushaljagota/.hermes/planning-v2/skills/planning-worker.md  0.1s

┌─ Reasoning ──────────────────────────────────────────────────────────────────┐
**Planning CLI commands**

I need to figure out the plan CLI and whether it requires a specific environment.
 If the environment isn’t set in this session, I might need to inspect it. I wonder
 if running "plan ticket show --json" with the PLAN_TICKET_ID is the right approach
 since the user provided the ticket ID. Ideally, I shouldn’t modify any repo files
, and I should be careful not to print any secrets. I might try running the help command
 to see my options.
└──────────────────────────────────────────────────────────────────────────────┘
  ┊ 💻 $         PLAN_TICKET_ID=t_882y9p08 plan ticket show --json  0.0s [exit 127]

┌─ Reasoning ──────────────────────────────────────────────────────────────────┐
**Planning ticket progress**

I’m working on a ticket and need to propose a result. First, I should gather related
 planning context through the planner. I need to know how to use the CLI, so maybe
 a search for help would be beneficial. I think I can use the plan CLI for this task
. There’s no need to run a verification. I’m considering using the project show or
 sprint show/search commands as a next step. Let’s figure that out!
└──────────────────────────────────────────────────────────────────────────────┘

┌─ Reasoning ──────────────────────────────────────────────────────────────────┐
**Organizing planning context**

I need to gather planning context related to Vylo for further action. I think I should
 compile a list of tickets associated with the project to ensure I have all the information
 I need. This will help me understand the current status and progress. It's probably
 a good idea to keep everything organized efficiently for us to move forward effectively
. Let’s figure out the best way to approach this!
└──────────────────────────────────────────────────────────────────────────────┘

┌─ Reasoning ──────────────────────────────────────────────────────────────────┐
**Checking ticket status**

I’ve set everything up for the environment, but I’m questioning whether the ticket
 ID is ours or not. It could be a simple oversight! It’s important that I ensure everything
 is linked correctly before moving forward. So, I definitely need to check on that
 heartbeat to make sure everything’s working well. Let’s see how it goes!
└──────────────────────────────────────────────────────────────────────────────┘

┌─ Reasoning ──────────────────────────────────────────────────────────────────┐
**Recapping updates and next steps**

I need to compile a quick recap of the updates before wrapping things up. I might
 also need to show a ticket verification, but not the "./verify" function. It's important
 to check if my proposal has been accepted; the output indicates it's still pending
, and maybe I should just park at the cap for now. Let’s make sure everything’s clear
 before closing it all out.
└──────────────────────────────────────────────────────────────────────────────┘

╭─ ⚕ Hermes ───────────────────────────────────────────────────────────────────╮
    Done.
    
    - Read skills/planning-worker.md.
    - Used .venv/bin/plan only for ticket work.
    - Proposed the result for t_882y9p08.
    - Updated the ticket recap.
    - Closed the run as done.
    - Did not run ./verify.
    - Did not modify or delete repository files.
    
    Final state: ticket remains in_progress at its ceiling, with the result parked as a proposal for review.
╰──────────────────────────────────────────────────────────────────────────────╯

Resume this session with:
  hermes --resume 20260705_212834_749d2a

Session:        20260705_212834_749d2a
Duration:       1m 55s
Messages:       43 (1 user, 41 tool calls)
